Modules list:
-------------
file.o:
    CODE              Offs=000000  Size=0000B9  Align=00001  Fill=0000
    BSS               Offs=000000  Size=000001  Align=00001  Fill=0000
lz.o:
    CODE              Offs=0000B9  Size=00005F  Align=00001  Fill=0000
    RODATA            Offs=000000  Size=000009  Align=00001  Fill=0000
    BSS               Offs=000001  Size=0004A1  Align=00001  Fill=0000
C:\C64\cc65/lib/c64.lib(addeqsp.o):
    CODE              Offs=000118  Size=000011  Align=00001  Fill=0000
C:\C64\cc65/lib/c64.lib(addysp.o):
    CODE              Offs=000129  Size=00000E  Align=00001  Fill=0000
C:\C64\cc65/lib/c64.lib(bneg.o):
    CODE              Offs=000137  Size=00000E  Align=00001  Fill=0000
C:\C64\cc65/lib/c64.lib(c_basin.o):
    CODE              Offs=000145  Size=000006  Align=00001  Fill=0000
C:\C64\cc65/lib/c64.lib(c_chkin.o):
    CODE              Offs=00014B  Size=00000A  Align=00001  Fill=0000
C:\C64\cc65/lib/c64.lib(c_close.o):
    CODE              Offs=000155  Size=000004  Align=00001  Fill=0000
C:\C64\cc65/lib/c64.lib(c_clrch.o):
C:\C64\cc65/lib/c64.lib(c_open.o):
    CODE              Offs=000159  Size=000009  Align=00001  Fill=0000
C:\C64\cc65/lib/c64.lib(c_readst.o):
    CODE              Offs=000162  Size=000005  Align=00001  Fill=0000
C:\C64\cc65/lib/c64.lib(c_setlfs.o):
    CODE              Offs=000167  Size=00000E  Align=00001  Fill=0000
C:\C64\cc65/lib/c64.lib(c_setnam.o):
    CODE              Offs=000175  Size=000013  Align=00001  Fill=0000
C:\C64\cc65/lib/c64.lib(callmain.o):
    CODE              Offs=000188  Size=000017  Align=00001  Fill=0000
    DATA              Offs=000000  Size=000004  Align=00001  Fill=0000
C:\C64\cc65/lib/c64.lib(clrscr.o):
C:\C64\cc65/lib/c64.lib(condes.o):
    CODE              Offs=00019F  Size=00000C  Align=00001  Fill=0000
    DATA              Offs=000004  Size=000025  Align=00001  Fill=0000
    ONCE              Offs=000000  Size=00000C  Align=00001  Fill=0000
C:\C64\cc65/lib/c64.lib(crt0.o):
    STARTUP           Offs=000000  Size=000033  Align=00001  Fill=0000
    ONCE              Offs=00000C  Size=00001A  Align=00001  Fill=0000
    INIT              Offs=000000  Size=00001C  Align=00001  Fill=0000
C:\C64\cc65/lib/c64.lib(decsp1.o):
    CODE              Offs=0001AB  Size=000009  Align=00001  Fill=0000
C:\C64\cc65/lib/c64.lib(decsp3.o):
    CODE              Offs=0001B4  Size=00000D  Align=00001  Fill=0000
C:\C64\cc65/lib/c64.lib(exehdr.o):
    EXEHDR            Offs=000000  Size=00000C  Align=00001  Fill=0000
C:\C64\cc65/lib/c64.lib(incax8.o):
    CODE              Offs=0001C1  Size=000005  Align=00001  Fill=0000
C:\C64\cc65/lib/c64.lib(incaxy.o):
    CODE              Offs=0001C6  Size=00000B  Align=00001  Fill=0000
C:\C64\cc65/lib/c64.lib(incsp1.o):
    CODE              Offs=0001D1  Size=000007  Align=00001  Fill=0000
C:\C64\cc65/lib/c64.lib(incsp2.o):
    CODE              Offs=0001D8  Size=000016  Align=00001  Fill=0000
C:\C64\cc65/lib/c64.lib(incsp4.o):
    CODE              Offs=0001EE  Size=000005  Align=00001  Fill=0000
C:\C64\cc65/lib/c64.lib(incsp5.o):
    CODE              Offs=0001F3  Size=000005  Align=00001  Fill=0000
C:\C64\cc65/lib/c64.lib(kernal.o):
C:\C64\cc65/lib/c64.lib(ldaxsp.o):
    CODE              Offs=0001F8  Size=000009  Align=00001  Fill=0000
C:\C64\cc65/lib/c64.lib(loadaddr.o):
    LOADADDR          Offs=000000  Size=000002  Align=00001  Fill=0000
C:\C64\cc65/lib/c64.lib(lz4.o):
    CODE              Offs=000201  Size=00012B  Align=00001  Fill=0000
C:\C64\cc65/lib/c64.lib(makebool.o):
    CODE              Offs=00032C  Size=00002C  Align=00001  Fill=0000
C:\C64\cc65/lib/c64.lib(memcpy.o):
    CODE              Offs=000358  Size=00003C  Align=00001  Fill=0000
C:\C64\cc65/lib/c64.lib(popa.o):
    CODE              Offs=000394  Size=00000C  Align=00001  Fill=0000
C:\C64\cc65/lib/c64.lib(popptr1.o):
    CODE              Offs=0003A0  Size=00000E  Align=00001  Fill=0000
C:\C64\cc65/lib/c64.lib(pusha.o):
    CODE              Offs=0003AE  Size=000016  Align=00001  Fill=0000
C:\C64\cc65/lib/c64.lib(pushax.o):
    CODE              Offs=0003C4  Size=00001A  Align=00001  Fill=0000
C:\C64\cc65/lib/c64.lib(staspidx.o):
    CODE              Offs=0003DE  Size=000016  Align=00001  Fill=0000
C:\C64\cc65/lib/c64.lib(status.o):
C:\C64\cc65/lib/c64.lib(staxsp.o):
    CODE              Offs=0003F4  Size=00000B  Align=00001  Fill=0000
C:\C64\cc65/lib/c64.lib(zerobss.o):
    CODE              Offs=0003FF  Size=000023  Align=00001  Fill=0000
C:\C64\cc65/lib/c64.lib(zeropage.o):
    ZEROPAGE          Offs=000000  Size=00001A  Align=00001  Fill=0000


Segment list:
-------------
Name                   Start     End    Size  Align
----------------------------------------------------
ZEROPAGE              000002  00001B  00001A  00001
LOADADDR              0007FF  000800  000002  00001
EXEHDR                000801  00080C  00000C  00001
STARTUP               00080D  00083F  000033  00001
CODE                  000840  000C61  000422  00001
RODATA                000C62  000C6A  000009  00001
DATA                  000C6B  000C93  000029  00001
INIT                  000C94  000CAF  00001C  00001
BSS                   000CB0  001151  0004A2  00001
ONCE                  000CB0  000CD5  000026  00001


Exports list by name:
---------------------
BASIN                     00FFCF RLA    BSOUT                     00FFD2 RLA    
CHKIN                     00FFC6 RLA    CLOSE                     00FFC3 RLA    
CLRCH                     00FFCC RLA    OPEN                      00FFC0 RLA    
READST                    00FFB7 RLA    SETLFS                    00FFBA RLA    
SETNAM                    00FFBD RLA    ST                        000090 RLZ    
__BSS_RUN__               000CB0 RLA    __BSS_SIZE__              0004A2 REA    
__CONSTRUCTOR_COUNT__     000000 REA    __CONSTRUCTOR_TABLE__     000CD6 RLA    
__DESTRUCTOR_COUNT__      000000 REA    __DESTRUCTOR_TABLE__      000C6B RLA    
__EXEHDR__                000001 REA    __HEADER_LAST__           00080D RLA    
__HIMEM__                 00D000 REA    __LOADADDR__              000001 REA    
__MAIN_SIZE__             00C7F3 REA    __MAIN_START__            00080D RLA    
__ONCE_RUN__              000CB0 RLA    __STACKSIZE__             000800 REA    
__STARTUP__               000001 REA    _cbm_k_chkin              00098B RLA    
_cbm_k_chrin              000985 RLA    _cbm_k_close              000995 RLA    
_cbm_k_clrch              00FFCC REA    _cbm_k_open               000999 RLA    
_cbm_k_readst             0009A2 RLA    _cbm_k_setlfs             0009A7 RLA    
_cbm_k_setnam             0009B5 RLA    _clrscr                   00E544 REA    
_decompress_lz4           000A41 RLA    _fileClose                0008E6 RLA    
_fileOpen                 000840 RLA    _fileRead                 0008A4 RLA    
_main                     0008F9 RLA    addeqysp                  00095A RLA    
addysp                    00096A RLA    bnega                     00097B RLA    
boolult                   000B8B RLA    callmain                  0009C8 RLA    
decsp1                    0009EB RLA    decsp3                    0009F4 RLA    
donelib                   0009DF RLA    incax8                    000A01 RLA    
incaxy                    000A08 RLA    incsp1                    000A11 RLA    
incsp2                    000A20 RLA    incsp4                    000A2E RLA    
incsp5                    000A33 RLA    initlib                   000CB0 RLA    
ldaxysp                   000A3A RLA    memcpy_upwards            000B9B RLA    
popa                      000BD4 RLA    popax                     000A18 RLA    
popptr1                   000BE0 RLA    ptr1                      00000A RLZ    
ptr2                      00000C RLZ    ptr3                      00000E RLZ    
ptr4                      000010 RLZ    pusha                     000BF2 RLA    
pushax                    000C08 RLA    regsave                   000006 RLZ    
sp                        000002 RLZ    sreg                      000004 RLZ    
staspidx                  000C1E RLA    staxysp                   000C36 RLA    
tmp1                      000012 RLZ    tmp2                      000013 RLZ    
zerobss                   000C3F RLA    


Exports list by value:
----------------------
__CONSTRUCTOR_COUNT__     000000 REA    __DESTRUCTOR_COUNT__      000000 REA    
__LOADADDR__              000001 REA    __EXEHDR__                000001 REA    
__STARTUP__               000001 REA    sp                        000002 RLZ    
sreg                      000004 RLZ    regsave                   000006 RLZ    
ptr1                      00000A RLZ    ptr2                      00000C RLZ    
ptr3                      00000E RLZ    ptr4                      000010 RLZ    
tmp1                      000012 RLZ    tmp2                      000013 RLZ    
ST                        000090 RLZ    __BSS_SIZE__              0004A2 REA    
__STACKSIZE__             000800 REA    __MAIN_START__            00080D RLA    
__HEADER_LAST__           00080D RLA    _fileOpen                 000840 RLA    
_fileRead                 0008A4 RLA    _fileClose                0008E6 RLA    
_main                     0008F9 RLA    addeqysp                  00095A RLA    
addysp                    00096A RLA    bnega                     00097B RLA    
_cbm_k_chrin              000985 RLA    _cbm_k_chkin              00098B RLA    
_cbm_k_close              000995 RLA    _cbm_k_open               000999 RLA    
_cbm_k_readst             0009A2 RLA    _cbm_k_setlfs             0009A7 RLA    
_cbm_k_setnam             0009B5 RLA    callmain                  0009C8 RLA    
donelib                   0009DF RLA    decsp1                    0009EB RLA    
decsp3                    0009F4 RLA    incax8                    000A01 RLA    
incaxy                    000A08 RLA    incsp1                    000A11 RLA    
popax                     000A18 RLA    incsp2                    000A20 RLA    
incsp4                    000A2E RLA    incsp5                    000A33 RLA    
ldaxysp                   000A3A RLA    _decompress_lz4           000A41 RLA    
boolult                   000B8B RLA    memcpy_upwards            000B9B RLA    
popa                      000BD4 RLA    popptr1                   000BE0 RLA    
pusha                     000BF2 RLA    pushax                    000C08 RLA    
staspidx                  000C1E RLA    staxysp                   000C36 RLA    
zerobss                   000C3F RLA    __DESTRUCTOR_TABLE__      000C6B RLA    
initlib                   000CB0 RLA    __ONCE_RUN__              000CB0 RLA    
__BSS_RUN__               000CB0 RLA    __CONSTRUCTOR_TABLE__     000CD6 RLA    
__MAIN_SIZE__             00C7F3 REA    __HIMEM__                 00D000 REA    
_clrscr                   00E544 REA    READST                    00FFB7 RLA    
SETLFS                    00FFBA RLA    SETNAM                    00FFBD RLA    
OPEN                      00FFC0 RLA    CLOSE                     00FFC3 RLA    
CHKIN                     00FFC6 RLA    CLRCH                     00FFCC RLA    
_cbm_k_clrch              00FFCC REA    BASIN                     00FFCF RLA    
BSOUT                     00FFD2 RLA    


Imports list:
-------------
BASIN (kernal.o):
    c_basin.o                 cbm/cbm.inc:47
BSOUT (kernal.o):
    crt0.o                    c64/crt0.s:10
CHKIN (kernal.o):
    c_chkin.o                 cbm/cbm.inc:44
CLOSE (kernal.o):
    c_close.o                 cbm/cbm.inc:36
CLRCH (kernal.o):
    c_clrch.o                 cbm/cbm.inc:46
OPEN (kernal.o):
    c_open.o                  cbm/cbm.inc:35
READST (kernal.o):
    c_readst.o                cbm/cbm.inc:32
SETLFS (kernal.o):
    c_setlfs.o                cbm/cbm.inc:33
SETNAM (kernal.o):
    c_setnam.o                cbm/cbm.inc:34
ST (status.o):
    crt0.o                    c64/crt0.s:13
__BSS_RUN__ ([linker generated]):
    zerobss.o                 common/zerobss.s:8
__BSS_SIZE__ ([linker generated]):
    zerobss.o                 common/zerobss.s:8
__CONSTRUCTOR_COUNT__ ([linker generated]):
    condes.o                  runtime/condes.s:18
__CONSTRUCTOR_TABLE__ ([linker generated]):
    condes.o                  runtime/condes.s:18
__DESTRUCTOR_COUNT__ ([linker generated]):
    condes.o                  runtime/condes.s:19
__DESTRUCTOR_TABLE__ ([linker generated]):
    condes.o                  runtime/condes.s:19
__EXEHDR__ (exehdr.o):
    [linker generated]        C:\C64\cc65/cfg/c64.cfg:6
__HEADER_LAST__ ([linker generated]):
    [linker generated]        C:\C64\cc65/cfg/c64.cfg:14
    [linker generated]        C:\C64\cc65/cfg/c64.cfg:14
__HIMEM__ ([linker generated]):
    [linker generated]        C:\C64\cc65/cfg/c64.cfg:15
    [linker generated]        C:\C64\cc65/cfg/c64.cfg:14
__LOADADDR__ (loadaddr.o):
    [linker generated]        C:\C64\cc65/cfg/c64.cfg:5
__MAIN_SIZE__ ([linker generated]):
    crt0.o                    c64/crt0.s:11
__MAIN_START__ ([linker generated]):
    crt0.o                    c64/crt0.s:11
__ONCE_RUN__ ([linker generated]):
    [linker generated]        C:\C64\cc65/cfg/c64.cfg:15
    [linker generated]        C:\C64\cc65/cfg/c64.cfg:15
__STACKSIZE__ ([linker generated]):
    [linker generated]        C:\C64\cc65/cfg/c64.cfg:15
__STARTUP__ (crt0.o):
    lz.o                      src/lz.s:32
_cbm_k_chkin (c_chkin.o):
    file.o                    src/file.s:30
_cbm_k_chrin (c_basin.o):
    file.o                    src/file.s:31
_cbm_k_close (c_close.o):
    file.o                    src/file.s:32
_cbm_k_clrch (c_clrch.o):
    file.o                    src/file.s:33
_cbm_k_open (c_open.o):
    file.o                    src/file.s:34
_cbm_k_readst (c_readst.o):
    file.o                    src/file.s:35
_cbm_k_setlfs (c_setlfs.o):
    file.o                    src/file.s:36
_cbm_k_setnam (c_setnam.o):
    file.o                    src/file.s:37
_clrscr (clrscr.o):
    lz.o                      src/lz.s:38
_decompress_lz4 (lz4.o):
    lz.o                      src/lz.s:39
_fileClose (file.o):
    lz.o                      src/lz.s:42
_fileOpen (file.o):
    lz.o                      src/lz.s:40
_fileRead (file.o):
    lz.o                      src/lz.s:41
_main (lz.o):
    callmain.o                runtime/callmain.s:11
addeqysp (addeqsp.o):
    file.o                    src/file.s:199
addysp (addysp.o):
    incsp5.o                  runtime/incsp5.s:8
    incsp4.o                  runtime/incsp4.s:8
bnega (bneg.o):
    file.o                    src/file.s:199
boolult (makebool.o):
    file.o                    src/file.s:199
callmain (callmain.o):
    crt0.o                    c64/crt0.s:9
decsp1 (decsp1.o):
    file.o                    src/file.s:199
decsp3 (decsp3.o):
    lz.o                      src/lz.s:126
donelib (condes.o):
    crt0.o                    c64/crt0.s:8
incax8 (incax8.o):
    lz.o                      src/lz.s:126
incaxy (incaxy.o):
    incax8.o                  runtime/incax8.s:8
incsp1 (incsp1.o):
    file.o                    src/file.s:199
incsp2 (incsp2.o):
    staspidx.o                runtime/staspidx.s:8
    popptr1.o                 runtime/popptr1.s:8
    file.o                    src/file.s:199
incsp4 (incsp4.o):
    file.o                    src/file.s:199
incsp5 (incsp5.o):
    lz.o                      src/lz.s:126
initlib (condes.o):
    crt0.o                    c64/crt0.s:8
ldaxysp (ldaxsp.o):
    lz.o                      src/lz.s:126
    file.o                    src/file.s:199
    file.o                    src/file.s:199
memcpy_upwards (memcpy.o):
    lz4.o                     common/lz4.s:13
popa (popa.o):
    c_setlfs.o                cbm/c_setlfs.s:12
popax (incsp2.o):
    memcpy.o                  common/memcpy.s:14
    lz4.o                     common/lz4.s:13
popptr1 (popptr1.o):
    memcpy.o                  common/memcpy.s:14
ptr1 (zeropage.o):
    zerobss.o                 common/zerobss.s:9
    staspidx.o                runtime/staspidx.s:9
    popptr1.o                 runtime/popptr1.s:9
    memcpy.o                  common/memcpy.s:15
    lz4.o                     common/lz4.s:11
    c_setnam.o                cbm/c_setnam.s:10
ptr2 (zeropage.o):
    memcpy.o                  common/memcpy.s:15
    lz4.o                     common/lz4.s:11
ptr3 (zeropage.o):
    memcpy.o                  common/memcpy.s:15
    lz4.o                     common/lz4.s:11
ptr4 (zeropage.o):
    lz4.o                     common/lz4.s:11
pusha (pusha.o):
    file.o                    src/file.s:199
    file.o                    src/file.s:199
pushax (pushax.o):
    callmain.o                runtime/callmain.s:11
    lz4.o                     common/lz4.s:13
    lz.o                      src/lz.s:126
    file.o                    src/file.s:199
regsave (zeropage.o):
    lz4.o                     common/lz4.s:10
sp (zeropage.o):
    addysp.o                  runtime/addysp.s:8
    staxsp.o                  runtime/staxsp.s:8
    staspidx.o                runtime/staspidx.s:9
    pushax.o                  runtime/pushax.s:8
    pusha.o                   runtime/pusha.s:8
    popptr1.o                 runtime/popptr1.s:9
    popa.o                    runtime/popa.s:8
    memcpy.o                  common/memcpy.s:15
    ldaxsp.o                  runtime/ldaxsp.s:8
    incsp2.o                  runtime/incsp2.s:8
    incsp1.o                  runtime/incsp1.s:8
    decsp3.o                  runtime/decsp3.s:8
    decsp1.o                  runtime/decsp1.s:8
    crt0.o                    C:/C64/cc65/asminc/zeropage.inc:11
    addeqsp.o                 runtime/addeqsp.s:8
    file.o                    src/file.s:10
sreg (zeropage.o):
    lz4.o                     common/lz4.s:10
staspidx (staspidx.o):
    file.o                    src/file.s:199
staxysp (staxsp.o):
    lz.o                      src/lz.s:126
tmp1 (zeropage.o):
    staspidx.o                runtime/staspidx.s:9
    lz4.o                     common/lz4.s:11
    incaxy.o                  runtime/incaxy.s:8
    c_setlfs.o                cbm/c_setlfs.s:13
tmp2 (zeropage.o):
    lz4.o                     common/lz4.s:11
zerobss (zerobss.o):
    crt0.o                    c64/crt0.s:9

